SHED-KUBECTL-RESOURCES(1)                           Shed Commands                           SHED-KUBECTL-RESOURCES(1)

NAME
       shed-kubectl-resources - Print list of resources available for shed-kubectl-apply and shed-kubectl-delete.

SYNOPSIS
       shed-kubectl-resources
       shed kubectl-resources

DESCRIPTION
       Print list of resources available for shed-kubectl-apply and shed-kubectl-delete.

EXAMPLES
       shed-kubectl-resources
            pod-busybox-loop

LICENSE
       MIT

BUGS
       Report bugs at https://github.com/siakhooi/shed/issues.

SEE ALSO
       shed-kubectl(1)

AUTHORS
       Siak Hooi.

Siak Hooi DevUtils 1.1.0                               May 2023                             SHED-KUBECTL-RESOURCES(1)
