+ istioctl --context kube-dev-1 --namespace ns-application install --dry-run
        |\          
        | \         
        |  \        
        |   \       
      /||    \      
     / ||     \     
    /  ||      \    
   /   ||       \   
  /    ||        \  
 /     ||         \ 
/______||__________\
____________________
  \__       _____/  
     \_____/        


- Processing resources for Istio core.
✔ Istio core installed ⛵️
- Processing resources for Istiod.
✔ Istiod installed 🧠
- Processing resources for Ingress gateways.
✔ Ingress gateways installed 🛬
✔ Installation complete