alias c0='shed-kubeconfig-use 0'
alias c1='shed-kubeconfig-use 1'
alias c2='shed-kubeconfig-use 2'
alias c3='shed-kubeconfig-use 3'
alias c4='shed-kubeconfig-use 4'
alias h='shed-helm'
alias i='shed-istioctl'
alias k='shed-kubectl'
alias k-bash='shed-kubectl-exec-bash'
alias k-logs-f='shed-kubectl-logs-follow'
alias k-scale='shed-kubectl-scale'
alias k-sh='shed-kubectl-exec-sh'
alias ka='shed-kubectl-apply'
alias kd='shed-kubectl-delete'
alias sc='shed-contexts'
